// Jest Snapshot v1, https://goo.gl/fbAQLP

exports[`RollingBallNav component should match snapshots 1`] = `
<div>
  <div
    class="rollingBallNavWrapper"
  >
    <div
      class="rollingBallNav"
    >
      <ul>
        <li
          class="rollingBallNavList rollingBallNavActive"
        >
          <a
            href="#"
          >
            <span
              class="rollingBallNavIcon"
            >
              <ion-icon
                name="home-outline"
              />
            </span>
            <span
              class="rollingBallNavText"
            >
              Home
            </span>
          </a>
        </li>
        <li
          class="rollingBallNavList"
        >
          <a
            href="#"
          >
            <span
              class="rollingBallNavIcon"
            >
              <ion-icon
                name="person-outline"
              />
            </span>
            <span
              class="rollingBallNavText"
            >
              Profile
            </span>
          </a>
        </li>
        <li
          class="rollingBallNavList"
        >
          <a
            href="#"
          >
            <span
              class="rollingBallNavIcon"
            >
              <ion-icon
                name="chatbubble-outline"
              />
            </span>
            <span
              class="rollingBallNavText"
            >
              Messages
            </span>
          </a>
        </li>
        <li
          class="rollingBallNavList"
        >
          <a
            href="#"
          >
            <span
              class="rollingBallNavIcon"
            >
              <ion-icon
                name="camera-outline"
              />
            </span>
            <span
              class="rollingBallNavText"
            >
              Photos
            </span>
          </a>
        </li>
        <li
          class="rollingBallNavList"
        >
          <a
            to="#"
          >
            <span
              class="rollingBallNavIcon"
            >
              <ion-icon
                name="settings-outline"
              />
            </span>
            <span
              class="rollingBallNavText"
            >
              Settings
            </span>
          </a>
        </li>
        <div
          class="rollingBallNavIndicator"
        >
           
        </div>
      </ul>
    </div>
  </div>
</div>
`;
