// Jest Snapshot v1, https://goo.gl/fbAQLP

exports[`ChevronCard component should match snapshots 1`] = `
<div>
  <div
    class="crewCard"
  >
    <div
      class="box"
      style="--color: #002366; --direction: 45deg;"
    >
      <p>
        label
      </p>
      <img
        alt="profile of barber"
        class="crewCardPicture"
        src="ben.png"
      />
    </div>
    <a
      target="_blank"
    >
      Book Now
    </a>
  </div>
</div>
`;
