// Jest Snapshot v1, https://goo.gl/fbAQLP

exports[`ChevronCard component should match snapshots 1`] = `
<div>
  <div
    class="chevronCard"
    style="--color: blue; --buttonColor: white; --buttonHover: yellow; --direction: 45deg; --labelColor: red;"
  >
    <div
      class="box"
    >
      <div
        class="chevronCard-label"
      >
        label
      </div>
      <img
        alt="profile of barber"
        class="chevronCardPicture"
        src="shoe.png"
      />
    </div>
    <a
      href="string"
      target="_blank"
    >
      Buy Now
    </a>
  </div>
</div>
`;
