// Jest Snapshot v1, https://goo.gl/fbAQLP

exports[`RainbowVinylLoader component should match snapshots 1`] = `
<div>
  <div
    class="RainbowVinylLoaderContainer"
  >
    <span
      style="--i: 0;"
    />
    <span
      style="--i: 1;"
    />
    <span
      style="--i: 2;"
    />
    <span
      style="--i: 3;"
    />
    <span
      style="--i: 4;"
    />
    <span
      style="--i: 5;"
    />
    <span
      style="--i: 6;"
    />
    <span
      style="--i: 7;"
    />
    <span
      style="--i: 8;"
    />
    <span
      style="--i: 9;"
    />
  </div>
</div>
`;
