// Jest Snapshot v1, https://goo.gl/fbAQLP

exports[`NotRollingLoader component should match snapshots 1`] = `
<div>
  <div
    class="not-rolling-loader-wrapper"
    id="not-rolling-loader-wrapper"
    style="--trackColor: transparent;"
  >
    <div
      class="not-rolling-loader-track"
      style="--index: 0; --trackColor: transparent; --tracks: 8; --color: hsl(0, 100%, 50%);"
    >
      <div
        class="not-rolling-loader-track-inner"
      />
    </div>
    <div
      class="not-rolling-loader-track"
      style="--index: 1; --trackColor: transparent; --tracks: 8; --color: hsl(45, 100%, 50%);"
    >
      <div
        class="not-rolling-loader-track-inner"
      />
    </div>
    <div
      class="not-rolling-loader-track"
      style="--index: 2; --trackColor: transparent; --tracks: 8; --color: hsl(90, 100%, 50%);"
    >
      <div
        class="not-rolling-loader-track-inner"
      />
    </div>
    <div
      class="not-rolling-loader-track"
      style="--index: 3; --trackColor: transparent; --tracks: 8; --color: hsl(135, 100%, 50%);"
    >
      <div
        class="not-rolling-loader-track-inner"
      />
    </div>
    <div
      class="not-rolling-loader-track"
      style="--index: 4; --trackColor: transparent; --tracks: 8; --color: hsl(180, 100%, 50%);"
    >
      <div
        class="not-rolling-loader-track-inner"
      />
    </div>
    <div
      class="not-rolling-loader-track"
      style="--index: 5; --trackColor: transparent; --tracks: 8; --color: hsl(225, 100%, 50%);"
    >
      <div
        class="not-rolling-loader-track-inner"
      />
    </div>
    <div
      class="not-rolling-loader-track"
      style="--index: 6; --trackColor: transparent; --tracks: 8; --color: hsl(270, 100%, 50%);"
    >
      <div
        class="not-rolling-loader-track-inner"
      />
    </div>
    <div
      class="not-rolling-loader-track"
      style="--index: 7; --trackColor: transparent; --tracks: 8; --color: hsl(315, 100%, 50%);"
    >
      <div
        class="not-rolling-loader-track-inner"
      />
    </div>
  </div>
</div>
`;
