// Jest Snapshot v1, https://goo.gl/fbAQLP

exports[`BubbleCard component should match snapshots 1`] = `
<div>
  <div
    class="BubbleCard-wrapper"
  >
    <div
      class="box"
      style="--color: red; --direction: -45deg;"
    >
      <p>
        label
      </p>
      <img
        alt="profile of barber"
        class="crewCardPicture"
        src="ben.png"
      />
    </div>
  </div>
</div>
`;
