// Jest Snapshot v1, https://goo.gl/fbAQLP

exports[`BubbleCard component should match snapshots 1`] = `
<div>
  <div
    class="bubbleCard-wrapper"
    style="--width: 17rem; --height: 23rem; --primaryColor: #1c2942; --secondaryColor: #67df6e; --fontColor: #fff; --buttonActive: #35ad3c; --imgWidth: 70%; --imgY: 3.5rem; --imgX: 1.8rem; --hoverX: -3rem; --hoverY: -5rem; --hoverScale: 0.8;"
  >
    <div
      class="bubbleCard-content"
    >
      <div
        class="bubbleCard-marquee "
      >
        <div
          class="wobble"
          data-speed="-255"
        >
          Shoes
        </div>
      </div>
      <div
        class="bubbleCard-img-container"
      >
        <img
          alt="Shoes-image"
          class="bubbleCard-img wobble"
          data-speed="-25"
          src="shoe.png"
        />
      </div>
      <h1
        class="bubbleCard-title"
      >
        Shoes
      </h1>
      <div
        class="bubbleCard-body"
      >
        <p
          class="bubbleCard-content-text"
        >
          Dummy website using shoes as a theme
        </p>
      </div>
      <div
        class="bubbleCard-footer"
      >
        <a
          class="bubbleCard-link"
          href="https://ingots.web.app/fishing"
          target="_blank"
        >
          <button
            class="bubbleCard-btn bubbleCard-success"
          >
            Demo
          </button>
        </a>
        <a
          class="bubbleCard-link"
          href="https://github.com/aperdomoll90/ingots/tree/main/src/Archives/SvgPathOnScroll"
          target="_blank"
        >
          <button
            class="bubbleCard-btn bubbleCard-border"
          >
            Github
          </button>
        </a>
      </div>
    </div>
  </div>
</div>
`;
