// Jest Snapshot v1, https://goo.gl/fbAQLP

exports[`CircularNav component should match snapshots 1`] = `
<div>
  <div
    class="circularNavWrapper"
  >
    <div
      class="circularNavMenu"
    >
      <div
        class="circularNavToggle"
      >
        <div
          class="circularNavToggle-icon"
        >
          <svg
            id="Icon-Add"
            viewBox="0 0 512 512"
            xmlns="http://www.w3.org/2000/svg"
          >
            <title>
              Add
            </title>
            <path
              class="icon-add"
              d="M256 112v288M400 256H112"
            />
          </svg>
        </div>
      </div>
    </div>
  </div>
</div>
`;
