// Jest Snapshot v1, https://goo.gl/fbAQLP

exports[`CircularNav component should match snapshots 1`] = `
<div>
  <div
    class="circularNavWrapper"
  >
    <div
      class="circularNavMenu"
    >
      <div
        class="circularNavToggle"
      >
        <ion-icon
          name="add-outline"
        />
      </div>
      <li
        style="--i: 0;"
      >
        <a
          href="#"
        >
          <ion-icon
            name="home-outline"
          />
        </a>
      </li>
      <li
        style="--i: 1;"
      >
        <a
          href="#"
        >
          <ion-icon
            name="person-outline"
          />
        </a>
      </li>
      <li
        style="--i: 2;"
      >
        <a
          href="#"
        >
          <ion-icon
            name="settings-outline"
          />
        </a>
      </li>
      <li
        style="--i: 3;"
      >
        <a
          href="#"
        >
          <ion-icon
            name="mail-outline"
          />
        </a>
      </li>
      <li
        style="--i: 4;"
      >
        <a
          href="#"
        >
          <ion-icon
            name="key-outline"
          />
        </a>
      </li>
      <li
        style="--i: 5;"
      >
        <a
          href="#"
        >
          <ion-icon
            name="videocam-outline"
          />
        </a>
      </li>
      <li
        style="--i: 6;"
      >
        <a
          href="#"
        >
          <ion-icon
            name="water-outline"
          />
        </a>
      </li>
      <li
        style="--i: 7;"
      >
        <a
          href="#"
        >
          <ion-icon
            name="paw-outline"
          />
        </a>
      </li>
    </div>
  </div>
</div>
`;
