// Jest Snapshot v1, https://goo.gl/fbAQLP

exports[`HikerParallax component should match snapshots 1`] = `
<div>
  <div
    id="hiker-parallax"
  >
    <p>
      test
    </p>
    <img
      alt="sky"
      class="sky translate"
      data-speed="-0.3"
      src="space.jpeg"
    />
  </div>
</div>
`;
