// Jest Snapshot v1, https://goo.gl/fbAQLP

exports[`Terrarium component should match snapshots 1`] = `
<div>
  <div
    class="TerrariumArea"
  >
    <div
      class="shade"
    >
      <p>
        Sleeping Onion
      </p>
    </div>
    <div
      class="fullTerrarium"
    >
      <div
        class="fishbowlSky"
      >
        <img
          alt="clouds"
          class=" clouds"
          src="clouds.png"
        />
      </div>
      <img
        alt="fishbowl"
        class="imgPosition fishbowl"
        src="fishbowl.png"
      />
      <img
        alt="plants"
        class="imgPosition plants"
        src="plants.png"
      />
      <img
        alt="pokemon sleeping"
        class="imgPosition onion"
        src="onion.png"
      />
      <img
        alt="soil"
        class="imgPosition soil"
        src="soil.png"
      />
      <img
        alt="fish bowl opening"
        class="imgPosition fishBowlTop"
        src="fishBowlTop.png"
      />
    </div>
  </div>
</div>
`;
