// Jest Snapshot v1, https://goo.gl/fbAQLP

exports[`BubbleCard component should match snapshots 1`] = `
<div>
  <div
    class="bubbleCard-wrapper"
  >
    <div
      class="bubbleCard-content"
    >
      <div
        class="bubbleCard-marquee"
      >
        label
      </div>
      <img
        alt="label-image"
        class="bubbleCard-img"
        src="shoe.png"
      />
      <h1
        class="bubbleCard-title"
      >
        label
      </h1>
      <div
        class="bubbleCard-body"
      >
        <p
          class="bubbleCard-content-text"
        >
          This card follows the pointer
        </p>
      </div>
      <div
        class="bubbleCard-footer"
      >
        <button
          class="bubbleCard-btn bubbleCard-success"
        >
          Demo
        </button>
        <button
          class="bubbleCard-btn bubbleCard-border"
        >
          Github
        </button>
      </div>
    </div>
  </div>
</div>
`;
