// Jest Snapshot v1, https://goo.gl/fbAQLP

exports[`HalfNav component should match snapshots 1`] = `
<div>
  <div
    class="HalfNavWrapper"
    style="--color: #fff; --buttonHover: #ff008a; --labelColor: #fff; --labelColorHover: #7a7777; --menuBackgroundColor: #303030da; --buttonBackgroundColor: #303030da;"
  >
    <button
      class="ToggleButton"
      style="--size: 2rem; --color: #fff; --buttonHover: #ff008a; --buttonBackgroundColor: #303030da; --top: 1rem; --bottom: auto; --left: auto; --right: 1rem;"
    >
      <span />
      <span />
      <span />
      <span
        class="sr-only"
      >
        menu
      </span>
    </button>
    <div
      class="HalfNavDropDown"
    >
      <div
        class="HalfNavDropDown-menu-bullet"
      >
        <p>
          Home
        </p>
      </div>
      <div
        class="HalfNavDropDown-menu-bullet"
      >
        <p>
          Settings
        </p>
      </div>
      <div
        class="HalfNavDropDown-menu-bullet"
      >
        <p>
          Data
        </p>
      </div>
      <div
        class="HalfNavDropDown-menu-bullet"
      >
        <p>
          Profile
        </p>
      </div>
      <div
        class="HalfNavDropDown-menu-bullet"
      >
        <p>
          Code
        </p>
      </div>
    </div>
  </div>
</div>
`;
