// Jest Snapshot v1, https://goo.gl/fbAQLP

exports[`RollingBallNav component should match snapshots 1`] = `
<div>
  <div
    class="rollingBallNavWrapper"
  >
    <div
      class="rollingBallNav"
    >
      <ul>
        <li
          class="rollingBallNavList rollingBallNavActive"
        >
          <span
            class="rollingBallNavIcon"
          >
            <ion-icon
              name="home-outline"
            />
          </span>
          <span
            class="rollingBallNavText"
          >
            Home
          </span>
        </li>
        <li
          class="rollingBallNavList"
        >
          <span
            class="rollingBallNavIcon"
          >
            <ion-icon
              name="person-outline"
            />
          </span>
          <span
            class="rollingBallNavText"
          >
            Profile
          </span>
        </li>
        <li
          class="rollingBallNavList"
        >
          <span
            class="rollingBallNavIcon"
          >
            <ion-icon
              name="chatbubble-outline"
            />
          </span>
          <span
            class="rollingBallNavText"
          >
            Messages
          </span>
        </li>
        <li
          class="rollingBallNavList"
        >
          <span
            class="rollingBallNavIcon"
          >
            <ion-icon
              name="camera-outline"
            />
          </span>
          <span
            class="rollingBallNavText"
          >
            Photos
          </span>
        </li>
        <li
          class="rollingBallNavList"
        >
          <span
            class="rollingBallNavIcon"
          >
            <ion-icon
              name="settings-outline"
            />
          </span>
          <span
            class="rollingBallNavText"
          >
            Settings
          </span>
        </li>
        <div
          class="rollingBallNavIndicator"
        >
           
        </div>
      </ul>
    </div>
  </div>
</div>
`;
