// Jest Snapshot v1, https://goo.gl/fbAQLP

exports[`Narwhal component should match snapshots 1`] = `
<div>
  <div
    class="narwhalArea"
  >
    <div
      class="shade"
    >
      <p>
        Nora Narwhal
      </p>
    </div>
    <div
      class="fullNarwhal"
    >
      <img
        alt="flipper"
        class="flipperRight"
        src="flipper.png"
      />
      <img
        alt="fin"
        class="fin"
        src="fin.png"
      />
      <img
        alt="Narwhal Body"
        class="narwhalBody"
        src="narwhalBody.png"
      />
      <img
        alt="flipper"
        class="flipper"
        src="flipper.png"
      />
      <div
        class="blinkers"
      >
        <div
          class="narwhalCircle"
        />
        <div
          class="narwhalCircle"
        />
      </div>
    </div>
    <div
      class="narwhalShadow"
    />
  </div>
</div>
`;
