// Jest Snapshot v1, https://goo.gl/fbAQLP

exports[`BouncyLine component should match snapshots 1`] = `
<div>
  <div
    id="BouncyLineWrapper"
  >
    <svg
      preserveAspectRatio="xMidYMid meet"
      viewBox="0 0 500 500"
    >
      <path
        d="M250,0 Q250,250 250,500"
      />
    </svg>
  </div>
</div>
`;
