// Jest Snapshot v1, https://goo.gl/fbAQLP

exports[`TextColorHover component should match snapshots 1`] = `
<div>
  <div
    id="mouseOverTextWrapper"
  >
    <div
      class="mouseOverTextContainer"
      style="--maskX: 0; --maskY: 0;"
    >
      <div
        class="mouseOverTextTitleWrapper"
      >
        <h1>
          test
        </h1>
      </div>
      <div
        class="mouseOverTextTitleWrapper mouseOverTexCloneWrapper"
      >
        <h1>
          test
        </h1>
      </div>
    </div>
  </div>
</div>
`;
