// Jest Snapshot v1, https://goo.gl/fbAQLP

exports[`ResponsiveNav component should match snapshots 1`] = `
<div>
  <section
    class="primary-header flex-row"
    id="primary-header"
    style="--height: 3rem; --width: 5rem; --logoHeight: 3rem; --logoMargin: 1rem; --primaryColor: rgb(0, 0, 0); --secondaryColor: rgb(0, 0, 0); --labelColor: rgb(0, 0, 0); --hoverColor: rgb(0, 0, 0); --pressColor: rgb(0, 0, 0);"
  >
    <div />
    <button
      aria-controls="primary-navigation"
      aria-expanded="false"
      class="ToggleButton mobile-nav-toggle"
      style="--size: 2rem; --color: #fff; --buttonHover: 0; --buttonBackgroundColor: transparent; --top: 1rem; --bottom: auto; --left: auto; --right: 1rem;"
    >
      <span />
      <span />
      <span />
      <span
        class="sr-only"
      >
        menu
      </span>
    </button>
    <nav>
      <ul
        aria-aria-expanded="false"
        class="primary-navigation uppercase ff-sans-cond flex-row"
        data-visible="false"
        id="primary-navigation"
      >
        <li
          class="responsiveNav-active"
        >
          <a
            class="responsiveNav-link"
            href="#"
          >
            <span
              aria-hidden="true"
            >
              0
              0
            </span>
            Home
          </a>
        </li>
        <li
          class="responsiveNav-active"
        >
          <a
            class="responsiveNav-link"
            href="#"
          >
            <span
              aria-hidden="true"
            >
              0
              1
            </span>
            Settings
          </a>
        </li>
        <li
          class="responsiveNav-active"
        >
          <a
            class="responsiveNav-link"
            href="#"
          >
            <span
              aria-hidden="true"
            >
              0
              2
            </span>
            Data
          </a>
        </li>
        <li
          class="responsiveNav-active"
        >
          <a
            class="responsiveNav-link"
            href="#"
          >
            <span
              aria-hidden="true"
            >
              0
              3
            </span>
            Profile
          </a>
        </li>
        <li
          class="responsiveNav-active"
        >
          <a
            class="responsiveNav-link"
            href="#"
          >
            <span
              aria-hidden="true"
            >
              0
              4
            </span>
            Code
          </a>
        </li>
      </ul>
    </nav>
  </section>
</div>
`;
