// Jest Snapshot v1, https://goo.gl/fbAQLP

exports[`ThreeJsTest component should match snapshots 1`] = `
<div>
  <div
    class="ThreeJsTestContainer"
  >
    <div
      class="faeCircle"
      style="width: 10px; height: 10px;"
    />
    <div
      class="faeCircle"
      style="width: 10px; height: 10px;"
    />
    <div
      class="faeCircle"
      style="width: 10px; height: 10px; top: -4px;"
    />
    <p>
      loading...
    </p>
  </div>
</div>
`;
