// Jest Snapshot v1, https://goo.gl/fbAQLP

exports[`ToggleButton component should match snapshots 1`] = `
<div>
  <button
    class="ToggleButton"
    style="--size: 2rem; --color: #fff; --buttonHover: red; --buttonBackgroundColor: black; --top: 1rem; --bottom: auto; --left: auto; --right: 1rem;"
  >
    <span />
    <span />
    <span />
    <span
      class="sr-only"
    >
      menu
    </span>
  </button>
</div>
`;
